------------------------------------------------------------
Timing Analyzer Summary
------------------------------------------------------------

Type  : Slow 1100mV 85C Model Setup 'altera_reserved_tck'
Slack : 12.314
TNS   : 0.000

Type  : Slow 1100mV 85C Model Hold 'altera_reserved_tck'
Slack : 0.114
TNS   : 0.000

Type  : Slow 1100mV 85C Model Recovery 'altera_reserved_tck'
Slack : 30.616
TNS   : 0.000

Type  : Slow 1100mV 85C Model Removal 'altera_reserved_tck'
Slack : 0.820
TNS   : 0.000

Type  : Slow 1100mV 85C Model Minimum Pulse Width 'altera_reserved_tck'
Slack : 15.837
TNS   : 0.000

Type  : Slow 1100mV 0C Model Setup 'altera_reserved_tck'
Slack : 12.412
TNS   : 0.000

Type  : Slow 1100mV 0C Model Hold 'altera_reserved_tck'
Slack : 0.106
TNS   : 0.000

Type  : Slow 1100mV 0C Model Recovery 'altera_reserved_tck'
Slack : 30.734
TNS   : 0.000

Type  : Slow 1100mV 0C Model Removal 'altera_reserved_tck'
Slack : 0.778
TNS   : 0.000

Type  : Slow 1100mV 0C Model Minimum Pulse Width 'altera_reserved_tck'
Slack : 15.853
TNS   : 0.000

Type  : Fast 1100mV 85C Model Setup 'altera_reserved_tck'
Slack : 14.247
TNS   : 0.000

Type  : Fast 1100mV 85C Model Hold 'altera_reserved_tck'
Slack : 0.018
TNS   : 0.000

Type  : Fast 1100mV 85C Model Recovery 'altera_reserved_tck'
Slack : 31.380
TNS   : 0.000

Type  : Fast 1100mV 85C Model Removal 'altera_reserved_tck'
Slack : 0.408
TNS   : 0.000

Type  : Fast 1100mV 85C Model Minimum Pulse Width 'altera_reserved_tck'
Slack : 15.810
TNS   : 0.000

Type  : Fast 1100mV 0C Model Setup 'altera_reserved_tck'
Slack : 14.521
TNS   : 0.000

Type  : Fast 1100mV 0C Model Hold 'altera_reserved_tck'
Slack : 0.004
TNS   : 0.000

Type  : Fast 1100mV 0C Model Recovery 'altera_reserved_tck'
Slack : 31.577
TNS   : 0.000

Type  : Fast 1100mV 0C Model Removal 'altera_reserved_tck'
Slack : 0.354
TNS   : 0.000

Type  : Fast 1100mV 0C Model Minimum Pulse Width 'altera_reserved_tck'
Slack : 15.826
TNS   : 0.000

------------------------------------------------------------
